// Jest Snapshot v1, https://goo.gl/fbAQLP

exports[`AddUser renders a snapshot properly 1`] = `
<form
  onSubmit={[Function]}
>
  <div
    className="field"
  >
    <input
      className="input is-large"
      name="titulo"
      onChange={undefined}
      placeholder="Titulo"
      required={true}
      type="text"
      value={undefined}
    />
  </div>
  <div
    className="field"
  >
    <input
      className="input is-large"
      name="autor"
      onChange={undefined}
      placeholder="Autor"
      required={true}
      type="text"
      value={undefined}
    />
  </div>
  <div
    className="field"
  >
    <input
      className="input is-large"
      name="añodepublicacion"
      onChange={undefined}
      placeholder="Año de Publicacion"
      required={true}
      type="text"
      value={undefined}
    />
  </div>
  <div
    className="field"
  >
    <input
      className="input is-large"
      name="editorial"
      onChange={undefined}
      placeholder="Editorial"
      required={true}
      type="text"
      value={undefined}
    />
  </div>
  <div
    className="field"
  >
    <input
      className="input is-large"
      name="generoliterario"
      onChange={undefined}
      placeholder="Genero literario"
      required={true}
      type="text"
      value={undefined}
    />
  </div>
  <input
    className="button is-primary is-large is-fullwidth"
    type="submit"
    value="Submit"
  />
</form>
`;
